<?xml version="1.0" encoding="UTF-8" ?>
<testsuites name="vitest tests" tests="4" failures="0" errors="0" time="0.034532824">
    <testsuite name="src/app/core/services/analytics/analytics.service.init.spec.ts" timestamp="2025-12-26T20:48:01.219Z" hostname="jay-MS-7971" tests="4" failures="0" errors="0" skipped="0" time="0.034532824">
        <testcase classname="src/app/core/services/analytics/analytics.service.init.spec.ts" name="AnalyticsService Initialization &gt; afterNextRender callback &gt; should register a callback with afterNextRender" time="0.014171977">
        </testcase>
        <testcase classname="src/app/core/services/analytics/analytics.service.init.spec.ts" name="AnalyticsService Initialization &gt; afterNextRender callback &gt; should call provider.initialize() when the callback executes" time="0.002537657">
        </testcase>
        <testcase classname="src/app/core/services/analytics/analytics.service.init.spec.ts" name="AnalyticsService Initialization &gt; afterNextRender callback &gt; should handle initialization errors gracefully" time="0.014863516">
        </testcase>
        <testcase classname="src/app/core/services/analytics/analytics.service.init.spec.ts" name="AnalyticsService Initialization &gt; afterNextRender callback &gt; should not call initialize when analytics is disabled" time="0.001808693">
        </testcase>
    </testsuite>
</testsuites>
